Archive member included to satisfy reference by file (symbol)

c:/program files (x86)/atmel/studio/7.0/toolchain/avr8/avr8-gnu-toolchain/bin/../lib/gcc/avr/4.9.2/avrxmega6\libgcc.a(_udivmodsi4.o)
                              src/ASF/xmega/drivers/spi/spi.o (__udivmodsi4)
c:/program files (x86)/atmel/studio/7.0/toolchain/avr8/avr8-gnu-toolchain/bin/../lib/gcc/avr/4.9.2/avrxmega6\libgcc.a(_exit.o)
                              C:/Program Files (x86)/Atmel/Studio/7.0/Packs/atmel/XMEGAA_DFP/1.0.39/gcc/dev/atxmega256a3bu/avrxmega6/crtatxmega256a3bu.o (exit)
c:/program files (x86)/atmel/studio/7.0/toolchain/avr8/avr8-gnu-toolchain/bin/../lib/gcc/avr/4.9.2/avrxmega6\libgcc.a(_copy_data.o)
                              src/ASF/common/services/gfx_mono/sysfont.o (__do_copy_data)
c:/program files (x86)/atmel/studio/7.0/toolchain/avr8/avr8-gnu-toolchain/bin/../lib/gcc/avr/4.9.2/avrxmega6\libgcc.a(_clear_bss.o)
                              src/ASF/common/services/gfx_mono/gfx_mono_c12832_a1z.o (__do_clear_bss)
c:/program files (x86)/atmel/studio/7.0/toolchain/avr8/avr8-gnu-toolchain/bin/../lib/gcc/avr/4.9.2/../../../../avr/lib/avrxmega6\libc.a(memcpy.o)
                              src/ASF/xmega/drivers/nvm/nvm.o (memcpy)

Discarded input sections

 .data          0x00000000        0x0 C:/Program Files (x86)/Atmel/Studio/7.0/Packs/atmel/XMEGAA_DFP/1.0.39/gcc/dev/atxmega256a3bu/avrxmega6/crtatxmega256a3bu.o
 .bss           0x00000000        0x0 C:/Program Files (x86)/Atmel/Studio/7.0/Packs/atmel/XMEGAA_DFP/1.0.39/gcc/dev/atxmega256a3bu/avrxmega6/crtatxmega256a3bu.o
 .group         0x00000000        0x8 src/ASF/common/components/display/st7565r/st7565r.o
 .group         0x00000000        0x8 src/ASF/common/components/display/st7565r/st7565r.o
 .group         0x00000000        0x8 src/ASF/common/components/display/st7565r/st7565r.o
 .group         0x00000000        0x8 src/ASF/common/components/display/st7565r/st7565r.o
 .group         0x00000000        0x8 src/ASF/common/components/display/st7565r/st7565r.o
 .group         0x00000000        0x8 src/ASF/common/components/display/st7565r/st7565r.o
 .group         0x00000000        0x8 src/ASF/common/components/display/st7565r/st7565r.o
 .group         0x00000000        0x8 src/ASF/common/components/display/st7565r/st7565r.o
 .group         0x00000000        0x8 src/ASF/common/components/display/st7565r/st7565r.o
 .group         0x00000000        0x8 src/ASF/common/components/display/st7565r/st7565r.o
 .group         0x00000000        0x8 src/ASF/common/components/display/st7565r/st7565r.o
 .group         0x00000000        0x8 src/ASF/common/components/display/st7565r/st7565r.o
 .group         0x00000000        0x8 src/ASF/common/components/display/st7565r/st7565r.o
 .group         0x00000000        0x8 src/ASF/common/components/display/st7565r/st7565r.o
 .group         0x00000000        0x8 src/ASF/common/components/display/st7565r/st7565r.o
 .group         0x00000000        0x8 src/ASF/common/components/display/st7565r/st7565r.o
 .group         0x00000000        0x8 src/ASF/common/components/display/st7565r/st7565r.o
 .group         0x00000000        0x8 src/ASF/common/components/display/st7565r/st7565r.o
 .group         0x00000000        0x8 src/ASF/common/components/display/st7565r/st7565r.o
 .group         0x00000000        0x8 src/ASF/common/components/display/st7565r/st7565r.o
 .group         0x00000000        0x8 src/ASF/common/components/display/st7565r/st7565r.o
 .group         0x00000000        0x8 src/ASF/common/components/display/st7565r/st7565r.o
 .group         0x00000000        0x8 src/ASF/common/components/display/st7565r/st7565r.o
 .group         0x00000000        0x8 src/ASF/common/components/display/st7565r/st7565r.o
 .group         0x00000000        0x8 src/ASF/common/components/display/st7565r/st7565r.o
 .group         0x00000000        0x8 src/ASF/common/components/display/st7565r/st7565r.o
 .group         0x00000000        0x8 src/ASF/common/components/display/st7565r/st7565r.o
 .group         0x00000000        0x8 src/ASF/common/components/display/st7565r/st7565r.o
 .group         0x00000000        0x8 src/ASF/common/components/display/st7565r/st7565r.o
 .group         0x00000000        0x8 src/ASF/common/components/display/st7565r/st7565r.o
 .group         0x00000000        0x8 src/ASF/common/components/display/st7565r/st7565r.o
 .group         0x00000000        0x8 src/ASF/common/components/display/st7565r/st7565r.o
 .group         0x00000000        0x8 src/ASF/common/components/display/st7565r/st7565r.o
 .group         0x00000000        0x8 src/ASF/common/components/display/st7565r/st7565r.o
 .group         0x00000000        0x8 src/ASF/common/components/display/st7565r/st7565r.o
 .group         0x00000000        0x8 src/ASF/common/components/display/st7565r/st7565r.o
 .group         0x00000000        0x8 src/ASF/common/components/display/st7565r/st7565r.o
[...]
Memory Configuration

Name             Origin             Length             Attributes
text             0x00000000         0x00100000         xr
data             0x00802000         0x0000ffa0         rw !x
eeprom           0x00810000         0x00010000         rw !x
fuse             0x00820000         0x00000400         rw !x
lock             0x00830000         0x00000400         rw !x
signature        0x00840000         0x00000400         rw !x
user_signatures  0x00850000         0x00000400         rw !x
*default*        0x00000000         0xffffffff

Linker script and memory map

LOAD C:/Program Files (x86)/Atmel/Studio/7.0/Packs/atmel/XMEGAA_DFP/1.0.39/gcc/dev/atxmega256a3bu/avrxmega6/crtatxmega256a3bu.o
LOAD src/ASF/common/components/display/st7565r/st7565r.o
LOAD src/ASF/common/services/clock/xmega/sysclk.o
LOAD src/ASF/common/services/gfx_mono/gfx_mono_c12832_a1z.o
LOAD src/ASF/common/services/gfx_mono/gfx_mono_framebuffer.o
LOAD src/ASF/common/services/gfx_mono/gfx_mono_generic.o
LOAD src/ASF/common/services/gfx_mono/gfx_mono_text.o
LOAD src/ASF/common/services/gfx_mono/sysfont.o
LOAD src/ASF/common/services/spi/xmega_spi/spi_master.o
LOAD src/ASF/common/services/spi/xmega_usart_spi/usart_spi.o
LOAD src/ASF/xmega/drivers/cpu/ccp.o
LOAD src/ASF/xmega/drivers/nvm/nvm.o
LOAD src/ASF/xmega/drivers/nvm/nvm_asm.o
LOAD src/ASF/xmega/drivers/spi/spi.o
LOAD src/ASF/xmega/drivers/twi/twim.o
LOAD src/ASF/xmega/drivers/usart/usart.o
LOAD src/ASF/common/services/ioport/xmega/ioport_compat.o
LOAD src/ASF/xmega/boards/xmega_a3bu_xplained/init.o
LOAD src/main.o
START GROUP
LOAD c:/program files (x86)/atmel/studio/7.0/toolchain/avr8/avr8-gnu-toolchain/bin/../lib/gcc/avr/4.9.2/../../../../avr/lib/avrxmega6\libm.a
END GROUP
Address of section .BOOT set to 0x40000
START GROUP
LOAD c:/program files (x86)/atmel/studio/7.0/toolchain/avr8/avr8-gnu-toolchain/bin/../lib/gcc/avr/4.9.2/avrxmega6\libgcc.a
LOAD c:/program files (x86)/atmel/studio/7.0/toolchain/avr8/avr8-gnu-toolchain/bin/../lib/gcc/avr/4.9.2/../../../../avr/lib/avrxmega6\libm.a
LOAD c:/program files (x86)/atmel/studio/7.0/toolchain/avr8/avr8-gnu-toolchain/bin/../lib/gcc/avr/4.9.2/../../../../avr/lib/avrxmega6\libc.a
LOAD C:/Program Files (x86)/Atmel/Studio/7.0/Packs/atmel/XMEGAA_DFP/1.0.39/gcc/dev/atxmega256a3bu/avrxmega6\libatxmega256a3bu.a
END GROUP
                0x00100000                __TEXT_REGION_LENGTH__ = DEFINED (__TEXT_REGION_LENGTH__)?__TEXT_REGION_LENGTH__:0x100000
                0x0000ffa0                __DATA_REGION_LENGTH__ = DEFINED (__DATA_REGION_LENGTH__)?__DATA_REGION_LENGTH__:0xffa0
                0x00010000                __EEPROM_REGION_LENGTH__ = DEFINED (__EEPROM_REGION_LENGTH__)?__EEPROM_REGION_LENGTH__:0x10000
                0x00000400                __FUSE_REGION_LENGTH__ = DEFINED (__FUSE_REGION_LENGTH__)?__FUSE_REGION_LENGTH__:0x400
                0x00000400                __LOCK_REGION_LENGTH__ = DEFINED (__LOCK_REGION_LENGTH__)?__LOCK_REGION_LENGTH__:0x400
                0x00000400                __SIGNATURE_REGION_LENGTH__ = DEFINED (__SIGNATURE_REGION_LENGTH__)?__SIGNATURE_REGION_LENGTH__:0x400
                0x00000400                __USER_SIGNATURE_REGION_LENGTH__ = DEFINED (__USER_SIGNATURE_REGION_LENGTH__)?__USER_SIGNATURE_REGION_LENGTH__:0x400

.hash
 *(.hash)

.dynsym
 *(.dynsym)

.dynstr
 *(.dynstr)

.gnu.version
 *(.gnu.version)

.gnu.version_d
 *(.gnu.version_d)

.gnu.version_r
 *(.gnu.version_r)

.rel.init
 *(.rel.init)

.rela.init
 *(.rela.init)

.rel.text
 *(.rel.text)
 *(.rel.text.*)
 *(.rel.gnu.linkonce.t*)

.rela.text
 *(.rela.text)
 *(.rela.text.*)
 *(.rela.gnu.linkonce.t*)

.rel.fini
 *(.rel.fini)

.rela.fini
 *(.rela.fini)

.rel.rodata
 *(.rel.rodata)
 *(.rel.rodata.*)
 *(.rel.gnu.linkonce.r*)

.rela.rodata
 *(.rela.rodata)
 *(.rela.rodata.*)
 *(.rela.gnu.linkonce.r*)

.rel.data
 *(.rel.data)
 *(.rel.data.*)
 *(.rel.gnu.linkonce.d*)

.rela.data
 *(.rela.data)
 *(.rela.data.*)
 *(.rela.gnu.linkonce.d*)

.rel.ctors
 *(.rel.ctors)

.rela.ctors
 *(.rela.ctors)

.rel.dtors
 *(.rel.dtors)

.rela.dtors
 *(.rela.dtors)

.rel.got
 *(.rel.got)

.rela.got
 *(.rela.got)

.rel.bss
 *(.rel.bss)

.rela.bss
 *(.rela.bss)

.rel.plt
 *(.rel.plt)

.rela.plt
 *(.rela.plt)

.text           0x00000000      0x59c
 *(.vectors)
 .vectors       0x00000000      0x1fc C:/Program Files (x86)/Atmel/Studio/7.0/Packs/atmel/XMEGAA_DFP/1.0.39/gcc/dev/atxmega256a3bu/avrxmega6/crtatxmega256a3bu.o
                0x00000000                __vector_default
                0x00000000                __vectors
 *(.vectors)
 *(.progmem.gcc*)
                0x000001fc                . = ALIGN (0x2)
                0x000001fc                __trampolines_start = .
 *(.trampolines)
 .trampolines   0x000001fc        0x0 linker stubs
 *(.trampolines*)
                0x000001fc                __trampolines_end = .
 *libprintf_flt.a:*(.progmem.data)
 *libc.a:*(.progmem.data)
 *(.progmem*)
                0x000001fc                . = ALIGN (0x2)
 *(.jumptables)
 *(.jumptables*)
 *(.lowtext)
 *(.lowtext*)
                0x000001fc                __ctors_start = .
 *(.ctors)
                0x000001fc                __ctors_end = .
                0x000001fc                __dtors_start = .
 *(.dtors)
                0x000001fc                __dtors_end = .
 SORT(*)(.ctors)
 SORT(*)(.dtors)
 *(.init0)
 .init0         0x000001fc        0x0 C:/Program Files (x86)/Atmel/Studio/7.0/Packs/atmel/XMEGAA_DFP/1.0.39/gcc/dev/atxmega256a3bu/avrxmega6/crtatxmega256a3bu.o
                0x000001fc                __init
 *(.init0)
 *(.init1)
 *(.init1)
 *(.init2)
 .init2         0x000001fc       0x10 C:/Program Files (x86)/Atmel/Studio/7.0/Packs/atmel/XMEGAA_DFP/1.0.39/gcc/dev/atxmega256a3bu/avrxmega6/crtatxmega256a3bu.o
 *(.init2)
 *(.init3)
 *(.init3)
 *(.init4)
 .init4         0x0000020c       0x1a c:/program files (x86)/atmel/studio/7.0/toolchain/avr8/avr8-gnu-toolchain/bin/../lib/gcc/avr/4.9.2/avrxmega6\libgcc.a(_copy_data.o)
                0x0000020c                __do_copy_data
 .init4         0x00000226       0x10 c:/program files (x86)/atmel/studio/7.0/toolchain/avr8/avr8-gnu-toolchain/bin/../lib/gcc/avr/4.9.2/avrxmega6\libgcc.a(_clear_bss.o)
                0x00000226                __do_clear_bss
 *(.init4)
 *(.init5)
 *(.init5)
 *(.init6)
 *(.init6)
 *(.init7)
 *(.init7)
 *(.init8)
 *(.init8)
 *(.init9)
 .init9         0x00000236        0x4 C:/Program Files (x86)/Atmel/Studio/7.0/Packs/atmel/XMEGAA_DFP/1.0.39/gcc/dev/atxmega256a3bu/avrxmega6/crtatxmega256a3bu.o
 *(.init9)
 *(.text)
 .text          0x0000023a        0x2 C:/Program Files (x86)/Atmel/Studio/7.0/Packs/atmel/XMEGAA_DFP/1.0.39/gcc/dev/atxmega256a3bu/avrxmega6/crtatxmega256a3bu.o
                0x0000023a                __vector_38
                0x0000023a                __vector_104
                0x0000023a                __vector_22
                0x0000023a                __vector_63
                0x0000023a                __vector_28
                0x0000023a                __vector_67
                0x0000023a                __vector_1
                0x0000023a                __vector_119
                0x0000023a                __vector_32
                0x0000023a                __vector_75
                0x0000023a                __vector_71
                0x0000023a                __vector_91
                0x0000023a                __vector_34
                0x0000023a                __vector_62
                0x0000023a                __vector_77
                0x0000023a                __vector_102
                0x0000023a                __vector_24
                0x0000023a                __vector_12
                0x0000023a                __vector_55
                0x0000023a                __vector_69
                0x0000023a                __vector_81
                0x0000023a                __vector_90
                0x0000023a                __bad_interrupt
                0x0000023a                __vector_122
                0x0000023a                __vector_72
                0x0000023a                __vector_114
                0x0000023a                __vector_6
                0x0000023a                __vector_110
                0x0000023a                __vector_31
                0x0000023a                __vector_92
                0x0000023a                __vector_35
                0x0000023a                __vector_78
                0x0000023a                __vector_74
                0x0000023a                __vector_117
                0x0000023a                __vector_39
                0x0000023a                __vector_107
                0x0000023a                __vector_3
                0x0000023a                __vector_105
                0x0000023a                __vector_98
                0x0000023a                __vector_23
                0x0000023a                __vector_68
                0x0000023a                __vector_30
                0x0000023a                __vector_73
                0x0000023a                __vector_45
                0x0000023a                __vector_25
                0x0000023a                __vector_93
                0x0000023a                __vector_61
                0x0000023a                __vector_11
                0x0000023a                __vector_54
                0x0000023a                __vector_99
                0x0000023a                __vector_17
                0x0000023a                __vector_19
                0x0000023a                __vector_56
                0x0000023a                __vector_7
                0x0000023a                __vector_125
                0x0000023a                __vector_49
                0x0000023a                __vector_123
                0x0000023a                __vector_41
                0x0000023a                __vector_86
                0x0000023a                __vector_100
                0x0000023a                __vector_101
                0x0000023a                __vector_64
                0x0000023a                __vector_88
                0x0000023a                __vector_109
                0x0000023a                __vector_43
                0x0000023a                __vector_27
                0x0000023a                __vector_5
                0x0000023a                __vector_113
                0x0000023a                __vector_33
                0x0000023a                __vector_76
                0x0000023a                __vector_115
                0x0000023a                __vector_47
                0x0000023a                __vector_52
                0x0000023a                __vector_37
                0x0000023a                __vector_95
                0x0000023a                __vector_103
                0x0000023a                __vector_96
                0x0000023a                __vector_89
                0x0000023a                __vector_108
                0x0000023a                __vector_4
                0x0000023a                __vector_44
                0x0000023a                __vector_82
                0x0000023a                __vector_106
                0x0000023a                __vector_118
                0x0000023a                __vector_51
                0x0000023a                __vector_9
                0x0000023a                __vector_2
                0x0000023a                __vector_21
                0x0000023a                __vector_15
                0x0000023a                __vector_66
                0x0000023a                __vector_36
                0x0000023a                __vector_79
                0x0000023a                __vector_58
                0x0000023a                __vector_70
                0x0000023a                __vector_83
                0x0000023a                __vector_29
                0x0000023a                __vector_60
                0x0000023a                __vector_121
                0x0000023a                __vector_40
                0x0000023a                __vector_85
                0x0000023a                __vector_94
                0x0000023a                __vector_126
                0x0000023a                __vector_8
                0x0000023a                __vector_26
                0x0000023a                __vector_48
                0x0000023a                __vector_124
                0x0000023a                __vector_116
                0x0000023a                __vector_112
                0x0000023a                __vector_111
                0x0000023a                __vector_80
                0x0000023a                __vector_14
                0x0000023a                __vector_84
                0x0000023a                __vector_57
                0x0000023a                __vector_53
                0x0000023a                __vector_10
                0x0000023a                __vector_50
                0x0000023a                __vector_16
                0x0000023a                __vector_59
                0x0000023a                __vector_18
                0x0000023a                __vector_97
                0x0000023a                __vector_20
                0x0000023a                __vector_42
                0x0000023a                __vector_87
                0x0000023a                __vector_65
                0x0000023a                __vector_120
                0x0000023c                . = ALIGN (0x2)
 *(.text.*)
 .text.twim_interrupt_handler
                0x0000023c      0x12e src/ASF/xmega/drivers/twi/twim.o
 .text.__vector_13
                0x0000036a       0x4e src/ASF/xmega/drivers/twi/twim.o
                0x0000036a                __vector_13
 .text.__vector_46
                0x000003b8       0x4e src/ASF/xmega/drivers/twi/twim.o
                0x000003b8                __vector_46
 .text.ioport_configure_port_pin
                0x00000406       0x50 src/ASF/common/services/ioport/xmega/ioport_compat.o
                0x00000406                ioport_configure_port_pin
 .text.board_init
                0x00000456      0x13a src/ASF/xmega/boards/xmega_a3bu_xplained/init.o
                0x00000456                board_init
 .text.main     0x00000590        0x8 src/main.o
                0x00000590                main
                0x00000598                . = ALIGN (0x2)
 *(.fini9)
 .fini9         0x00000598        0x0 c:/program files (x86)/atmel/studio/7.0/toolchain/avr8/avr8-gnu-toolchain/bin/../lib/gcc/avr/4.9.2/avrxmega6\libgcc.a(_exit.o)
                0x00000598                _exit
                0x00000598                exit
 *(.fini9)
 *(.fini8)
 *(.fini8)
 *(.fini7)
 *(.fini7)
 *(.fini6)
 *(.fini6)
 *(.fini5)
 *(.fini5)
 *(.fini4)
 *(.fini4)
 *(.fini3)
 *(.fini3)
 *(.fini2)
 *(.fini2)
 *(.fini1)
 *(.fini1)
 *(.fini0)
 .fini0         0x00000598        0x4 c:/program files (x86)/atmel/studio/7.0/toolchain/avr8/avr8-gnu-toolchain/bin/../lib/gcc/avr/4.9.2/avrxmega6\libgcc.a(_exit.o)
 *(.fini0)
                0x0000059c                _etext = .

.data           0x00802000        0x0 load address 0x0000059c
                0x00802000                PROVIDE (__data_start, .)
 *(.data)
 *(.data*)
 *(.rodata)
 *(.rodata*)
 *(.gnu.linkonce.d*)
                0x00802000                . = ALIGN (0x2)
                0x00802000                _edata = .
                0x00802000                PROVIDE (__data_end, .)

.bss            0x00802000        0xb
                0x00802000                PROVIDE (__bss_start, .)
 *(.bss)
 *(.bss*)
 .bss.transfer  0x00802000        0xb src/ASF/xmega/drivers/twi/twim.o
 *(COMMON)
                0x0080200b                PROVIDE (__bss_end, .)
                0x0000059c                __data_load_start = LOADADDR (.data)
                0x0000059c                __data_load_end = (__data_load_start + SIZEOF (.data))

.noinit         0x0080200b        0x0
                [!provide]                PROVIDE (__noinit_start, .)
 *(.noinit*)
                [!provide]                PROVIDE (__noinit_end, .)
                0x0080200b                _end = .
                [!provide]                PROVIDE (__heap_start, .)

.eeprom         0x00810000        0x0
 *(.eeprom*)
                0x00810000                __eeprom_end = .

.fuse
 *(.fuse)
 *(.lfuse)
 *(.hfuse)
 *(.efuse)

.lock
 *(.lock*)

.signature
 *(.signature*)

.user_signatures
 *(.user_signatures*)

.stab
 *(.stab)

.stabstr
 *(.stabstr)

.stab.excl
 *(.stab.excl)

.stab.exclstr
 *(.stab.exclstr)

.stab.index
 *(.stab.index)

.stab.indexstr
 *(.stab.indexstr)

.comment        0x00000000       0x30
 *(.comment)
 .comment       0x00000000       0x30 src/ASF/xmega/drivers/twi/twim.o
                                 0x31 (size before relaxing)
 .comment       0x00000030       0x31 src/ASF/common/services/ioport/xmega/ioport_compat.o
 .comment       0x00000030       0x31 src/ASF/xmega/boards/xmega_a3bu_xplained/init.o
 .comment       0x00000030       0x31 src/main.o

.note.gnu.avr.deviceinfo
                0x00000000       0x44
 .note.gnu.avr.deviceinfo
                0x00000000       0x44 C:/Program Files (x86)/Atmel/Studio/7.0/Packs/atmel/XMEGAA_DFP/1.0.39/gcc/dev/atxmega256a3bu/avrxmega6/crtatxmega256a3bu.o

.note.gnu.build-id
 *(.note.gnu.build-id)

.debug
 *(.debug)

.line
 *(.line)

.debug_srcinfo
 *(.debug_srcinfo)

.debug_sfnames
 *(.debug_sfnames)

.debug_aranges  0x00000000       0xa0
 *(.debug_aranges)
 .debug_aranges
                0x00000000       0x40 src/ASF/xmega/drivers/twi/twim.o
 .debug_aranges
                0x00000040       0x20 src/ASF/common/services/ioport/xmega/ioport_compat.o
 .debug_aranges
                0x00000060       0x20 src/ASF/xmega/boards/xmega_a3bu_xplained/init.o
 .debug_aranges
                0x00000080       0x20 src/main.o

.debug_pubnames
 *(.debug_pubnames)

.debug_info     0x00000000     0x15a4
 *(.debug_info .gnu.linkonce.wi.*)
 .debug_info    0x00000000      0x905 src/ASF/xmega/drivers/twi/twim.o
 .debug_info    0x00000905      0x11d src/ASF/common/services/ioport/xmega/ioport_compat.o
 .debug_info    0x00000a22      0xa6d src/ASF/xmega/boards/xmega_a3bu_xplained/init.o
 .debug_info    0x0000148f      0x115 src/main.o

.debug_abbrev   0x00000000      0x555
 *(.debug_abbrev)
 .debug_abbrev  0x00000000      0x2c6 src/ASF/xmega/drivers/twi/twim.o
 .debug_abbrev  0x000002c6       0x93 src/ASF/common/services/ioport/xmega/ioport_compat.o
 .debug_abbrev  0x00000359      0x160 src/ASF/xmega/boards/xmega_a3bu_xplained/init.o
 .debug_abbrev  0x000004b9       0x9c src/main.o

.debug_line     0x00000000     0x1903
 *(.debug_line .debug_line.* .debug_line_end)
 .debug_line    0x00000000      0x62c src/ASF/xmega/drivers/twi/twim.o
 .debug_line    0x0000062c      0x4b4 src/ASF/common/services/ioport/xmega/ioport_compat.o
 .debug_line    0x00000ae0      0x4df src/ASF/xmega/boards/xmega_a3bu_xplained/init.o
 .debug_line    0x00000fbf      0x944 src/main.o

.debug_frame    0x00000000      0x188
 *(.debug_frame)
 .debug_frame   0x00000000      0x110 src/ASF/xmega/drivers/twi/twim.o
 .debug_frame   0x00000110       0x30 src/ASF/common/services/ioport/xmega/ioport_compat.o
 .debug_frame   0x00000140       0x24 src/ASF/xmega/boards/xmega_a3bu_xplained/init.o
 .debug_frame   0x00000164       0x24 src/main.o

.debug_str      0x00000000    0x2cc71
 *(.debug_str)
 .debug_str     0x00000000    0x27645 src/ASF/xmega/drivers/twi/twim.o
                              0x27cd2 (size before relaxing)
 .debug_str     0x00027645      0x691 src/ASF/common/services/ioport/xmega/ioport_compat.o
                              0x27ca9 (size before relaxing)
 .debug_str     0x00027cd6     0x1be5 src/ASF/xmega/boards/xmega_a3bu_xplained/init.o
                              0x29880 (size before relaxing)
 .debug_str     0x000298bb     0x33b6 src/main.o
                              0x2cadb (size before relaxing)

.debug_loc      0x00000000      0x50f
 *(.debug_loc)
 .debug_loc     0x00000000      0x4a9 src/ASF/xmega/drivers/twi/twim.o
 .debug_loc     0x000004a9       0x66 src/ASF/common/services/ioport/xmega/ioport_compat.o

.debug_macinfo
 *(.debug_macinfo)

.debug_weaknames
 *(.debug_weaknames)

.debug_funcnames
 *(.debug_funcnames)

.debug_typenames
 *(.debug_typenames)

.debug_varnames
 *(.debug_varnames)

.debug_pubtypes
 *(.debug_pubtypes)

.debug_ranges   0x00000000       0x90
 *(.debug_ranges)
 .debug_ranges  0x00000000       0x60 src/ASF/xmega/drivers/twi/twim.o
 .debug_ranges  0x00000060       0x10 src/ASF/common/services/ioport/xmega/ioport_compat.o
 .debug_ranges  0x00000070       0x10 src/ASF/xmega/boards/xmega_a3bu_xplained/init.o
 .debug_ranges  0x00000080       0x10 src/main.o

.debug_macro    0x00000000      0xbe3
 *(.debug_macro)
 .debug_macro   0x00000000      0x198 src/ASF/xmega/drivers/twi/twim.o
 .debug_macro   0x00000198       0x16 src/ASF/xmega/drivers/twi/twim.o
 .debug_macro   0x000001ae       0x22 src/ASF/xmega/drivers/twi/twim.o
 .debug_macro   0x000001d0       0x10 src/ASF/xmega/drivers/twi/twim.o
 .debug_macro   0x000001e0      0x193 src/ASF/common/services/ioport/xmega/ioport_compat.o
 .debug_macro   0x00000373      0x1b5 src/ASF/xmega/boards/xmega_a3bu_xplained/init.o
 .debug_macro   0x00000528       0x2e src/ASF/xmega/boards/xmega_a3bu_xplained/init.o
 .debug_macro   0x00000556      0x2a4 src/ASF/xmega/boards/xmega_a3bu_xplained/init.o
 .debug_macro   0x000007fa      0x353 src/main.o
 .debug_macro   0x00000b4d       0x34 src/main.o
 .debug_macro   0x00000b81       0x46 src/main.o
 .debug_macro   0x00000bc7       0x1c src/main.o
OUTPUT(imu_test.elf elf32-avr)
LOAD linker stubs

.BOOT           0x00040000        0x0
